// Jest Snapshot v1, https://goo.gl/fbAQLP

exports[`error page renders correctly 1`] = `
<DocumentFragment>
  <main
    class="error-page"
  >
    <img
      alt="page not found"
      src="test-file-stub"
      width="800"
    />
  </main>
</DocumentFragment>
`;
